[     339ms] [LOG] [vite] connecting... @ http://localhost:9000/@vite/client:183
[     391ms] [INFO] [Quasar] Running SPA. @ http://localhost:9000/.quasar/client-entry.js?t=1782958890442:50
[     536ms] [VERBOSE] [DOM] Input elements should have autocomplete attributes (suggested: "current-password"): (More info: https://goo.gl/9p2vKq) %o @ http://localhost:9000/login:0
[     649ms] [LOG] [vite] connected. @ http://localhost:9000/@vite/client:211
[ 2013934ms] [LOG] [vite] connecting... @ http://localhost:9000/@vite/client:183
[ 2013954ms] [ERROR] Failed to load resource: the server responded with a status of 504 (Gateway Timeout) @ http://localhost:9000/node_modules/.q-cache/vite/spa/deps/register-service-worker.js?v=27e092be:0
[ 2014239ms] [LOG] [vite] connected. @ http://localhost:9000/@vite/client:211
[ 2019038ms] [LOG] [vite] server connection lost. polling for restart... @ http://localhost:9000/@vite/client:374
[ 2021398ms] [ERROR] Failed to load resource: net::ERR_CONNECTION_REFUSED @ http://localhost:9000/__vite_ping:0
[ 2024776ms] [ERROR] Failed to load resource: net::ERR_CONNECTION_REFUSED @ http://localhost:9000/__vite_ping:0
[ 2028147ms] [ERROR] Failed to load resource: net::ERR_CONNECTION_REFUSED @ http://localhost:9000/__vite_ping:0
[ 2031517ms] [ERROR] Failed to load resource: net::ERR_CONNECTION_REFUSED @ http://localhost:9000/__vite_ping:0
[ 2034897ms] [ERROR] Failed to load resource: net::ERR_CONNECTION_REFUSED @ http://localhost:9000/__vite_ping:0
[ 2038277ms] [ERROR] Failed to load resource: net::ERR_CONNECTION_REFUSED @ http://localhost:9000/__vite_ping:0
[ 2041649ms] [ERROR] Failed to load resource: net::ERR_CONNECTION_REFUSED @ http://localhost:9000/__vite_ping:0
[ 2044245ms] [ERROR] WebSocket is already in CLOSING or CLOSED state. @ http://localhost:9000/@vite/client:215
[ 2045038ms] [ERROR] Failed to load resource: net::ERR_CONNECTION_REFUSED @ http://localhost:9000/__vite_ping:0
[ 2048415ms] [ERROR] Failed to load resource: net::ERR_CONNECTION_REFUSED @ http://localhost:9000/__vite_ping:0
[ 2051782ms] [ERROR] Failed to load resource: net::ERR_CONNECTION_REFUSED @ http://localhost:9000/__vite_ping:0
[ 2055159ms] [ERROR] Failed to load resource: net::ERR_CONNECTION_REFUSED @ http://localhost:9000/__vite_ping:0
[ 2058531ms] [ERROR] Failed to load resource: net::ERR_CONNECTION_REFUSED @ http://localhost:9000/__vite_ping:0
[ 2061896ms] [ERROR] Failed to load resource: net::ERR_CONNECTION_REFUSED @ http://localhost:9000/__vite_ping:0
[ 2065269ms] [ERROR] Failed to load resource: net::ERR_CONNECTION_REFUSED @ http://localhost:9000/__vite_ping:0
[ 2068639ms] [ERROR] Failed to load resource: net::ERR_CONNECTION_REFUSED @ http://localhost:9000/__vite_ping:0
[ 2072006ms] [ERROR] Failed to load resource: net::ERR_CONNECTION_REFUSED @ http://localhost:9000/__vite_ping:0
[ 2074243ms] [ERROR] WebSocket is already in CLOSING or CLOSED state. @ http://localhost:9000/@vite/client:215
[ 2075361ms] [ERROR] Failed to load resource: net::ERR_CONNECTION_REFUSED @ http://localhost:9000/__vite_ping:0
[ 2078724ms] [ERROR] Failed to load resource: net::ERR_CONNECTION_REFUSED @ http://localhost:9000/__vite_ping:0
[ 2082095ms] [ERROR] Failed to load resource: net::ERR_CONNECTION_REFUSED @ http://localhost:9000/__vite_ping:0
[ 2085459ms] [ERROR] Failed to load resource: net::ERR_CONNECTION_REFUSED @ http://localhost:9000/__vite_ping:0
[ 2088820ms] [ERROR] Failed to load resource: net::ERR_CONNECTION_REFUSED @ http://localhost:9000/__vite_ping:0
[ 2092195ms] [ERROR] Failed to load resource: net::ERR_CONNECTION_REFUSED @ http://localhost:9000/__vite_ping:0
[ 2095571ms] [ERROR] Failed to load resource: net::ERR_CONNECTION_REFUSED @ http://localhost:9000/__vite_ping:0
[ 2098951ms] [ERROR] Failed to load resource: net::ERR_CONNECTION_REFUSED @ http://localhost:9000/__vite_ping:0
[ 2102318ms] [ERROR] Failed to load resource: net::ERR_CONNECTION_REFUSED @ http://localhost:9000/__vite_ping:0
[ 2104252ms] [ERROR] WebSocket is already in CLOSING or CLOSED state. @ http://localhost:9000/@vite/client:215
[ 2105701ms] [ERROR] Failed to load resource: net::ERR_CONNECTION_REFUSED @ http://localhost:9000/__vite_ping:0
[ 2109053ms] [ERROR] Failed to load resource: net::ERR_CONNECTION_REFUSED @ http://localhost:9000/__vite_ping:0
[ 2112428ms] [ERROR] Failed to load resource: net::ERR_CONNECTION_REFUSED @ http://localhost:9000/__vite_ping:0
[ 2115807ms] [ERROR] Failed to load resource: net::ERR_CONNECTION_REFUSED @ http://localhost:9000/__vite_ping:0
[ 2119181ms] [ERROR] Failed to load resource: net::ERR_CONNECTION_REFUSED @ http://localhost:9000/__vite_ping:0
[ 2122539ms] [ERROR] Failed to load resource: net::ERR_CONNECTION_REFUSED @ http://localhost:9000/__vite_ping:0
[ 2125908ms] [ERROR] Failed to load resource: net::ERR_CONNECTION_REFUSED @ http://localhost:9000/__vite_ping:0
[ 2129263ms] [ERROR] Failed to load resource: net::ERR_CONNECTION_REFUSED @ http://localhost:9000/__vite_ping:0
[ 2132657ms] [ERROR] Failed to load resource: net::ERR_CONNECTION_REFUSED @ http://localhost:9000/__vite_ping:0
[ 2134243ms] [ERROR] WebSocket is already in CLOSING or CLOSED state. @ http://localhost:9000/@vite/client:215
[ 2136012ms] [ERROR] Failed to load resource: net::ERR_CONNECTION_REFUSED @ http://localhost:9000/__vite_ping:0
[ 2139388ms] [ERROR] Failed to load resource: net::ERR_CONNECTION_REFUSED @ http://localhost:9000/__vite_ping:0
[ 2142768ms] [ERROR] Failed to load resource: net::ERR_CONNECTION_REFUSED @ http://localhost:9000/__vite_ping:0
[ 2146134ms] [ERROR] Failed to load resource: net::ERR_CONNECTION_REFUSED @ http://localhost:9000/__vite_ping:0
[ 2149501ms] [ERROR] Failed to load resource: net::ERR_CONNECTION_REFUSED @ http://localhost:9000/__vite_ping:0
[ 2152858ms] [ERROR] Failed to load resource: net::ERR_CONNECTION_REFUSED @ http://localhost:9000/__vite_ping:0
[ 2156224ms] [ERROR] Failed to load resource: net::ERR_CONNECTION_REFUSED @ http://localhost:9000/__vite_ping:0
[ 2159582ms] [ERROR] Failed to load resource: net::ERR_CONNECTION_REFUSED @ http://localhost:9000/__vite_ping:0
[ 2162963ms] [ERROR] Failed to load resource: net::ERR_CONNECTION_REFUSED @ http://localhost:9000/__vite_ping:0
[ 2164242ms] [ERROR] WebSocket is already in CLOSING or CLOSED state. @ http://localhost:9000/@vite/client:215
[ 2166329ms] [ERROR] Failed to load resource: net::ERR_CONNECTION_REFUSED @ http://localhost:9000/__vite_ping:0
[ 2169697ms] [ERROR] Failed to load resource: net::ERR_CONNECTION_REFUSED @ http://localhost:9000/__vite_ping:0
[ 2173071ms] [ERROR] Failed to load resource: net::ERR_CONNECTION_REFUSED @ http://localhost:9000/__vite_ping:0
[ 2176415ms] [ERROR] Failed to load resource: net::ERR_CONNECTION_REFUSED @ http://localhost:9000/__vite_ping:0
[ 2179783ms] [ERROR] Failed to load resource: net::ERR_CONNECTION_REFUSED @ http://localhost:9000/__vite_ping:0
[ 2183148ms] [ERROR] Failed to load resource: net::ERR_CONNECTION_REFUSED @ http://localhost:9000/__vite_ping:0
[ 2186517ms] [ERROR] Failed to load resource: net::ERR_CONNECTION_REFUSED @ http://localhost:9000/__vite_ping:0
[ 2189869ms] [ERROR] Failed to load resource: net::ERR_CONNECTION_REFUSED @ http://localhost:9000/__vite_ping:0
[ 2193236ms] [ERROR] Failed to load resource: net::ERR_CONNECTION_REFUSED @ http://localhost:9000/__vite_ping:0
[ 2194244ms] [ERROR] WebSocket is already in CLOSING or CLOSED state. @ http://localhost:9000/@vite/client:215
[ 2196586ms] [ERROR] Failed to load resource: net::ERR_CONNECTION_REFUSED @ http://localhost:9000/__vite_ping:0
[ 2199957ms] [ERROR] Failed to load resource: net::ERR_CONNECTION_REFUSED @ http://localhost:9000/__vite_ping:0
[ 2203327ms] [ERROR] Failed to load resource: net::ERR_CONNECTION_REFUSED @ http://localhost:9000/__vite_ping:0
[ 2206689ms] [ERROR] Failed to load resource: net::ERR_CONNECTION_REFUSED @ http://localhost:9000/__vite_ping:0
[ 2210057ms] [ERROR] Failed to load resource: net::ERR_CONNECTION_REFUSED @ http://localhost:9000/__vite_ping:0
[ 2213433ms] [ERROR] Failed to load resource: net::ERR_CONNECTION_REFUSED @ http://localhost:9000/__vite_ping:0
[ 2216806ms] [ERROR] Failed to load resource: net::ERR_CONNECTION_REFUSED @ http://localhost:9000/__vite_ping:0
[ 2220170ms] [ERROR] Failed to load resource: net::ERR_CONNECTION_REFUSED @ http://localhost:9000/__vite_ping:0
[ 2223541ms] [ERROR] Failed to load resource: net::ERR_CONNECTION_REFUSED @ http://localhost:9000/__vite_ping:0
[ 2224255ms] [ERROR] WebSocket is already in CLOSING or CLOSED state. @ http://localhost:9000/@vite/client:215
[ 2226918ms] [ERROR] Failed to load resource: net::ERR_CONNECTION_REFUSED @ http://localhost:9000/__vite_ping:0
[ 2230283ms] [ERROR] Failed to load resource: net::ERR_CONNECTION_REFUSED @ http://localhost:9000/__vite_ping:0
[ 2233663ms] [ERROR] Failed to load resource: net::ERR_CONNECTION_REFUSED @ http://localhost:9000/__vite_ping:0
[ 2237034ms] [ERROR] Failed to load resource: net::ERR_CONNECTION_REFUSED @ http://localhost:9000/__vite_ping:0
[ 2240401ms] [ERROR] Failed to load resource: net::ERR_CONNECTION_REFUSED @ http://localhost:9000/__vite_ping:0
[ 2243775ms] [ERROR] Failed to load resource: net::ERR_CONNECTION_REFUSED @ http://localhost:9000/__vite_ping:0
[ 2247138ms] [ERROR] Failed to load resource: net::ERR_CONNECTION_REFUSED @ http://localhost:9000/__vite_ping:0
[ 2250512ms] [ERROR] Failed to load resource: net::ERR_CONNECTION_REFUSED @ http://localhost:9000/__vite_ping:0
[ 2253876ms] [ERROR] Failed to load resource: net::ERR_CONNECTION_REFUSED @ http://localhost:9000/__vite_ping:0
[ 3180850ms] [ERROR] WebSocket is already in CLOSING or CLOSED state. @ http://localhost:9000/@vite/client:215
[ 3180866ms] [ERROR] Failed to load resource: net::ERR_NETWORK_IO_SUSPENDED @ http://localhost:9000/__vite_ping:0
[ 3184247ms] [ERROR] WebSocket is already in CLOSING or CLOSED state. @ http://localhost:9000/@vite/client:215
[ 3184311ms] [ERROR] Failed to load resource: net::ERR_CONNECTION_REFUSED @ http://localhost:9000/__vite_ping:0
[ 3185589ms] [ERROR] Failed to load resource: net::ERR_NETWORK_IO_SUSPENDED @ http://localhost:9000/__vite_ping:0
[30011759ms] [ERROR] WebSocket is already in CLOSING or CLOSED state. @ http://localhost:9000/@vite/client:215
[30011823ms] [ERROR] Failed to load resource: net::ERR_NETWORK_IO_SUSPENDED @ http://localhost:9000/__vite_ping:0
[73715999ms] [ERROR] WebSocket is already in CLOSING or CLOSED state. @ http://localhost:9000/@vite/client:215
[73716685ms] [ERROR] Failed to load resource: net::ERR_NETWORK_CHANGED @ http://localhost:9000/__vite_ping:0
[73725559ms] [ERROR] Failed to load resource: net::ERR_CONNECTION_REFUSED @ http://localhost:9000/__vite_ping:0
[73727369ms] [ERROR] Failed to load resource: net::ERR_NETWORK_CHANGED @ http://localhost:9000/__vite_ping:0
[73731704ms] [ERROR] Failed to load resource: net::ERR_CONNECTION_REFUSED @ http://localhost:9000/__vite_ping:0
[73731842ms] [ERROR] WebSocket is already in CLOSING or CLOSED state. @ http://localhost:9000/@vite/client:215
[73735057ms] [ERROR] Failed to load resource: net::ERR_CONNECTION_REFUSED @ http://localhost:9000/__vite_ping:0
[73738420ms] [ERROR] Failed to load resource: net::ERR_CONNECTION_REFUSED @ http://localhost:9000/__vite_ping:0
[73741799ms] [ERROR] Failed to load resource: net::ERR_CONNECTION_REFUSED @ http://localhost:9000/__vite_ping:0
[73745175ms] [ERROR] Failed to load resource: net::ERR_CONNECTION_REFUSED @ http://localhost:9000/__vite_ping:0
[73748552ms] [ERROR] Failed to load resource: net::ERR_CONNECTION_REFUSED @ http://localhost:9000/__vite_ping:0
[73751917ms] [ERROR] Failed to load resource: net::ERR_CONNECTION_REFUSED @ http://localhost:9000/__vite_ping:0
[73755271ms] [ERROR] Failed to load resource: net::ERR_CONNECTION_REFUSED @ http://localhost:9000/__vite_ping:0
[73758638ms] [ERROR] Failed to load resource: net::ERR_CONNECTION_REFUSED @ http://localhost:9000/__vite_ping:0
[73761842ms] [ERROR] WebSocket is already in CLOSING or CLOSED state. @ http://localhost:9000/@vite/client:215
[73761999ms] [ERROR] Failed to load resource: net::ERR_CONNECTION_REFUSED @ http://localhost:9000/__vite_ping:0
[73765353ms] [ERROR] Failed to load resource: net::ERR_CONNECTION_REFUSED @ http://localhost:9000/__vite_ping:0
[73768715ms] [ERROR] Failed to load resource: net::ERR_CONNECTION_REFUSED @ http://localhost:9000/__vite_ping:0
[73772094ms] [ERROR] Failed to load resource: net::ERR_CONNECTION_REFUSED @ http://localhost:9000/__vite_ping:0
[73775472ms] [ERROR] Failed to load resource: net::ERR_CONNECTION_REFUSED @ http://localhost:9000/__vite_ping:0
[73778838ms] [ERROR] Failed to load resource: net::ERR_CONNECTION_REFUSED @ http://localhost:9000/__vite_ping:0
[73782207ms] [ERROR] Failed to load resource: net::ERR_CONNECTION_REFUSED @ http://localhost:9000/__vite_ping:0
[73785570ms] [ERROR] Failed to load resource: net::ERR_CONNECTION_REFUSED @ http://localhost:9000/__vite_ping:0
[73788935ms] [ERROR] Failed to load resource: net::ERR_CONNECTION_REFUSED @ http://localhost:9000/__vite_ping:0
[73790828ms] [ERROR] Failed to load resource: net::ERR_NETWORK_CHANGED @ http://localhost:9000/__vite_ping:0
[73791841ms] [ERROR] WebSocket is already in CLOSING or CLOSED state. @ http://localhost:9000/@vite/client:215
[73795198ms] [ERROR] Failed to load resource: net::ERR_CONNECTION_REFUSED @ http://localhost:9000/__vite_ping:0
[73798577ms] [ERROR] Failed to load resource: net::ERR_CONNECTION_REFUSED @ http://localhost:9000/__vite_ping:0
[73801944ms] [ERROR] Failed to load resource: net::ERR_CONNECTION_REFUSED @ http://localhost:9000/__vite_ping:0
[73805305ms] [ERROR] Failed to load resource: net::ERR_CONNECTION_REFUSED @ http://localhost:9000/__vite_ping:0
[73808662ms] [ERROR] Failed to load resource: net::ERR_CONNECTION_REFUSED @ http://localhost:9000/__vite_ping:0
[73812054ms] [ERROR] Failed to load resource: net::ERR_CONNECTION_REFUSED @ http://localhost:9000/__vite_ping:0
[73815421ms] [ERROR] Failed to load resource: net::ERR_CONNECTION_REFUSED @ http://localhost:9000/__vite_ping:0
[73818790ms] [ERROR] Failed to load resource: net::ERR_CONNECTION_REFUSED @ http://localhost:9000/__vite_ping:0
[73821837ms] [ERROR] WebSocket is already in CLOSING or CLOSED state. @ http://localhost:9000/@vite/client:215
[73822164ms] [ERROR] Failed to load resource: net::ERR_CONNECTION_REFUSED @ http://localhost:9000/__vite_ping:0
[73825525ms] [ERROR] Failed to load resource: net::ERR_CONNECTION_REFUSED @ http://localhost:9000/__vite_ping:0
[73826992ms] [ERROR] Failed to load resource: net::ERR_NETWORK_CHANGED @ http://localhost:9000/__vite_ping:0
[73831382ms] [ERROR] Failed to load resource: net::ERR_CONNECTION_REFUSED @ http://localhost:9000/__vite_ping:0
[73834755ms] [ERROR] Failed to load resource: net::ERR_CONNECTION_REFUSED @ http://localhost:9000/__vite_ping:0
[73838133ms] [ERROR] Failed to load resource: net::ERR_CONNECTION_REFUSED @ http://localhost:9000/__vite_ping:0
[73841511ms] [ERROR] Failed to load resource: net::ERR_CONNECTION_REFUSED @ http://localhost:9000/__vite_ping:0
[73844889ms] [ERROR] Failed to load resource: net::ERR_CONNECTION_REFUSED @ http://localhost:9000/__vite_ping:0
[73848265ms] [ERROR] Failed to load resource: net::ERR_CONNECTION_REFUSED @ http://localhost:9000/__vite_ping:0
[73851628ms] [ERROR] Failed to load resource: net::ERR_CONNECTION_REFUSED @ http://localhost:9000/__vite_ping:0
[73851844ms] [ERROR] WebSocket is already in CLOSING or CLOSED state. @ http://localhost:9000/@vite/client:215
[73854987ms] [ERROR] Failed to load resource: net::ERR_CONNECTION_REFUSED @ http://localhost:9000/__vite_ping:0
[73858361ms] [ERROR] Failed to load resource: net::ERR_CONNECTION_REFUSED @ http://localhost:9000/__vite_ping:0
[73861735ms] [ERROR] Failed to load resource: net::ERR_CONNECTION_REFUSED @ http://localhost:9000/__vite_ping:0
[73865111ms] [ERROR] Failed to load resource: net::ERR_CONNECTION_REFUSED @ http://localhost:9000/__vite_ping:0
[73868487ms] [ERROR] Failed to load resource: net::ERR_CONNECTION_REFUSED @ http://localhost:9000/__vite_ping:0
[73871864ms] [ERROR] Failed to load resource: net::ERR_CONNECTION_REFUSED @ http://localhost:9000/__vite_ping:0
[73875240ms] [ERROR] Failed to load resource: net::ERR_CONNECTION_REFUSED @ http://localhost:9000/__vite_ping:0
[73878614ms] [ERROR] Failed to load resource: net::ERR_CONNECTION_REFUSED @ http://localhost:9000/__vite_ping:0
[73881848ms] [ERROR] WebSocket is already in CLOSING or CLOSED state. @ http://localhost:9000/@vite/client:215
[73881989ms] [ERROR] Failed to load resource: net::ERR_CONNECTION_REFUSED @ http://localhost:9000/__vite_ping:0
[73885364ms] [ERROR] Failed to load resource: net::ERR_CONNECTION_REFUSED @ http://localhost:9000/__vite_ping:0
[73888746ms] [ERROR] Failed to load resource: net::ERR_CONNECTION_REFUSED @ http://localhost:9000/__vite_ping:0
[73892129ms] [ERROR] Failed to load resource: net::ERR_CONNECTION_REFUSED @ http://localhost:9000/__vite_ping:0
[73895496ms] [ERROR] Failed to load resource: net::ERR_CONNECTION_REFUSED @ http://localhost:9000/__vite_ping:0
[73898867ms] [ERROR] Failed to load resource: net::ERR_CONNECTION_REFUSED @ http://localhost:9000/__vite_ping:0
[73902240ms] [ERROR] Failed to load resource: net::ERR_CONNECTION_REFUSED @ http://localhost:9000/__vite_ping:0
[73905619ms] [ERROR] Failed to load resource: net::ERR_CONNECTION_REFUSED @ http://localhost:9000/__vite_ping:0
[73908994ms] [ERROR] Failed to load resource: net::ERR_CONNECTION_REFUSED @ http://localhost:9000/__vite_ping:0
[73911842ms] [ERROR] WebSocket is already in CLOSING or CLOSED state. @ http://localhost:9000/@vite/client:215
[73912371ms] [ERROR] Failed to load resource: net::ERR_CONNECTION_REFUSED @ http://localhost:9000/__vite_ping:0
[73915753ms] [ERROR] Failed to load resource: net::ERR_CONNECTION_REFUSED @ http://localhost:9000/__vite_ping:0
[73919113ms] [ERROR] Failed to load resource: net::ERR_CONNECTION_REFUSED @ http://localhost:9000/__vite_ping:0
[73922494ms] [ERROR] Failed to load resource: net::ERR_CONNECTION_REFUSED @ http://localhost:9000/__vite_ping:0
[73925856ms] [ERROR] Failed to load resource: net::ERR_CONNECTION_REFUSED @ http://localhost:9000/__vite_ping:0
[73929220ms] [ERROR] Failed to load resource: net::ERR_CONNECTION_REFUSED @ http://localhost:9000/__vite_ping:0
[73932567ms] [ERROR] Failed to load resource: net::ERR_CONNECTION_REFUSED @ http://localhost:9000/__vite_ping:0
[73935941ms] [ERROR] Failed to load resource: net::ERR_CONNECTION_REFUSED @ http://localhost:9000/__vite_ping:0
[73939304ms] [ERROR] Failed to load resource: net::ERR_CONNECTION_REFUSED @ http://localhost:9000/__vite_ping:0
[73941841ms] [ERROR] WebSocket is already in CLOSING or CLOSED state. @ http://localhost:9000/@vite/client:215
[73942680ms] [ERROR] Failed to load resource: net::ERR_CONNECTION_REFUSED @ http://localhost:9000/__vite_ping:0
[73946065ms] [ERROR] Failed to load resource: net::ERR_CONNECTION_REFUSED @ http://localhost:9000/__vite_ping:0
[73949437ms] [ERROR] Failed to load resource: net::ERR_CONNECTION_REFUSED @ http://localhost:9000/__vite_ping:0
[73952815ms] [ERROR] Failed to load resource: net::ERR_CONNECTION_REFUSED @ http://localhost:9000/__vite_ping:0
[73956180ms] [ERROR] Failed to load resource: net::ERR_CONNECTION_REFUSED @ http://localhost:9000/__vite_ping:0
[73959555ms] [ERROR] Failed to load resource: net::ERR_CONNECTION_REFUSED @ http://localhost:9000/__vite_ping:0
[73962931ms] [ERROR] Failed to load resource: net::ERR_CONNECTION_REFUSED @ http://localhost:9000/__vite_ping:0
[73966295ms] [ERROR] Failed to load resource: net::ERR_CONNECTION_REFUSED @ http://localhost:9000/__vite_ping:0
[73969669ms] [ERROR] Failed to load resource: net::ERR_CONNECTION_REFUSED @ http://localhost:9000/__vite_ping:0
[73971845ms] [ERROR] WebSocket is already in CLOSING or CLOSED state. @ http://localhost:9000/@vite/client:215
[73973044ms] [ERROR] Failed to load resource: net::ERR_CONNECTION_REFUSED @ http://localhost:9000/__vite_ping:0
[73976421ms] [ERROR] Failed to load resource: net::ERR_CONNECTION_REFUSED @ http://localhost:9000/__vite_ping:0
[73979783ms] [ERROR] Failed to load resource: net::ERR_CONNECTION_REFUSED @ http://localhost:9000/__vite_ping:0
[73983154ms] [ERROR] Failed to load resource: net::ERR_CONNECTION_REFUSED @ http://localhost:9000/__vite_ping:0
[73986535ms] [ERROR] Failed to load resource: net::ERR_CONNECTION_REFUSED @ http://localhost:9000/__vite_ping:0
[73989911ms] [ERROR] Failed to load resource: net::ERR_CONNECTION_REFUSED @ http://localhost:9000/__vite_ping:0
[73993289ms] [ERROR] Failed to load resource: net::ERR_CONNECTION_REFUSED @ http://localhost:9000/__vite_ping:0
[73996661ms] [ERROR] Failed to load resource: net::ERR_CONNECTION_REFUSED @ http://localhost:9000/__vite_ping:0
[74000043ms] [ERROR] Failed to load resource: net::ERR_CONNECTION_REFUSED @ http://localhost:9000/__vite_ping:0
[74001848ms] [ERROR] WebSocket is already in CLOSING or CLOSED state. @ http://localhost:9000/@vite/client:215
[74003419ms] [ERROR] Failed to load resource: net::ERR_CONNECTION_REFUSED @ http://localhost:9000/__vite_ping:0
[74006800ms] [ERROR] Failed to load resource: net::ERR_CONNECTION_REFUSED @ http://localhost:9000/__vite_ping:0
[74010164ms] [ERROR] Failed to load resource: net::ERR_CONNECTION_REFUSED @ http://localhost:9000/__vite_ping:0
[74013539ms] [ERROR] Failed to load resource: net::ERR_CONNECTION_REFUSED @ http://localhost:9000/__vite_ping:0
[74016911ms] [ERROR] Failed to load resource: net::ERR_CONNECTION_REFUSED @ http://localhost:9000/__vite_ping:0
[74020291ms] [ERROR] Failed to load resource: net::ERR_CONNECTION_REFUSED @ http://localhost:9000/__vite_ping:0
[74023654ms] [ERROR] Failed to load resource: net::ERR_CONNECTION_REFUSED @ http://localhost:9000/__vite_ping:0
[74027026ms] [ERROR] Failed to load resource: net::ERR_CONNECTION_REFUSED @ http://localhost:9000/__vite_ping:0
[74030398ms] [ERROR] Failed to load resource: net::ERR_CONNECTION_REFUSED @ http://localhost:9000/__vite_ping:0
[74031844ms] [ERROR] WebSocket is already in CLOSING or CLOSED state. @ http://localhost:9000/@vite/client:215
[74033775ms] [ERROR] Failed to load resource: net::ERR_CONNECTION_REFUSED @ http://localhost:9000/__vite_ping:0
[74037153ms] [ERROR] Failed to load resource: net::ERR_CONNECTION_REFUSED @ http://localhost:9000/__vite_ping:0
[74040519ms] [ERROR] Failed to load resource: net::ERR_CONNECTION_REFUSED @ http://localhost:9000/__vite_ping:0
[74043889ms] [ERROR] Failed to load resource: net::ERR_CONNECTION_REFUSED @ http://localhost:9000/__vite_ping:0
[74047260ms] [ERROR] Failed to load resource: net::ERR_CONNECTION_REFUSED @ http://localhost:9000/__vite_ping:0
[74050636ms] [ERROR] Failed to load resource: net::ERR_CONNECTION_REFUSED @ http://localhost:9000/__vite_ping:0
[74054009ms] [ERROR] Failed to load resource: net::ERR_CONNECTION_REFUSED @ http://localhost:9000/__vite_ping:0
[74057374ms] [ERROR] Failed to load resource: net::ERR_CONNECTION_REFUSED @ http://localhost:9000/__vite_ping:0
[74060742ms] [ERROR] Failed to load resource: net::ERR_CONNECTION_REFUSED @ http://localhost:9000/__vite_ping:0
[74061847ms] [ERROR] WebSocket is already in CLOSING or CLOSED state. @ http://localhost:9000/@vite/client:215
[74064095ms] [ERROR] Failed to load resource: net::ERR_CONNECTION_REFUSED @ http://localhost:9000/__vite_ping:0
[74067478ms] [ERROR] Failed to load resource: net::ERR_CONNECTION_REFUSED @ http://localhost:9000/__vite_ping:0
[74070835ms] [ERROR] Failed to load resource: net::ERR_CONNECTION_REFUSED @ http://localhost:9000/__vite_ping:0
[74074200ms] [ERROR] Failed to load resource: net::ERR_CONNECTION_REFUSED @ http://localhost:9000/__vite_ping:0
[74077575ms] [ERROR] Failed to load resource: net::ERR_CONNECTION_REFUSED @ http://localhost:9000/__vite_ping:0
[74080952ms] [ERROR] Failed to load resource: net::ERR_CONNECTION_REFUSED @ http://localhost:9000/__vite_ping:0
[74084321ms] [ERROR] Failed to load resource: net::ERR_CONNECTION_REFUSED @ http://localhost:9000/__vite_ping:0
[74087699ms] [ERROR] Failed to load resource: net::ERR_CONNECTION_REFUSED @ http://localhost:9000/__vite_ping:0
[74091062ms] [ERROR] Failed to load resource: net::ERR_CONNECTION_REFUSED @ http://localhost:9000/__vite_ping:0
[74091851ms] [ERROR] WebSocket is already in CLOSING or CLOSED state. @ http://localhost:9000/@vite/client:215
[74094383ms] [ERROR] Failed to load resource: net::ERR_CONNECTION_REFUSED @ http://localhost:9000/__vite_ping:0
[74097725ms] [ERROR] Failed to load resource: net::ERR_CONNECTION_REFUSED @ http://localhost:9000/__vite_ping:0
[74101079ms] [ERROR] Failed to load resource: net::ERR_CONNECTION_REFUSED @ http://localhost:9000/__vite_ping:0
[74104455ms] [ERROR] Failed to load resource: net::ERR_CONNECTION_REFUSED @ http://localhost:9000/__vite_ping:0
[74107828ms] [ERROR] Failed to load resource: net::ERR_CONNECTION_REFUSED @ http://localhost:9000/__vite_ping:0
[74111205ms] [ERROR] Failed to load resource: net::ERR_CONNECTION_REFUSED @ http://localhost:9000/__vite_ping:0
[74114582ms] [ERROR] Failed to load resource: net::ERR_CONNECTION_REFUSED @ http://localhost:9000/__vite_ping:0
[74117946ms] [ERROR] Failed to load resource: net::ERR_CONNECTION_REFUSED @ http://localhost:9000/__vite_ping:0
[74121324ms] [ERROR] Failed to load resource: net::ERR_CONNECTION_REFUSED @ http://localhost:9000/__vite_ping:0
[74121852ms] [ERROR] WebSocket is already in CLOSING or CLOSED state. @ http://localhost:9000/@vite/client:215
[74124699ms] [ERROR] Failed to load resource: net::ERR_CONNECTION_REFUSED @ http://localhost:9000/__vite_ping:0
[74128078ms] [ERROR] Failed to load resource: net::ERR_CONNECTION_REFUSED @ http://localhost:9000/__vite_ping:0
[74131455ms] [ERROR] Failed to load resource: net::ERR_CONNECTION_REFUSED @ http://localhost:9000/__vite_ping:0
[74134820ms] [ERROR] Failed to load resource: net::ERR_CONNECTION_REFUSED @ http://localhost:9000/__vite_ping:0
[74138190ms] [ERROR] Failed to load resource: net::ERR_CONNECTION_REFUSED @ http://localhost:9000/__vite_ping:0
[74141559ms] [ERROR] Failed to load resource: net::ERR_CONNECTION_REFUSED @ http://localhost:9000/__vite_ping:0
[74144913ms] [ERROR] Failed to load resource: net::ERR_CONNECTION_REFUSED @ http://localhost:9000/__vite_ping:0
[74148281ms] [ERROR] Failed to load resource: net::ERR_CONNECTION_REFUSED @ http://localhost:9000/__vite_ping:0
[74151658ms] [ERROR] Failed to load resource: net::ERR_CONNECTION_REFUSED @ http://localhost:9000/__vite_ping:0
[74151843ms] [ERROR] WebSocket is already in CLOSING or CLOSED state. @ http://localhost:9000/@vite/client:215
[74155034ms] [ERROR] Failed to load resource: net::ERR_CONNECTION_REFUSED @ http://localhost:9000/__vite_ping:0
[74158400ms] [ERROR] Failed to load resource: net::ERR_CONNECTION_REFUSED @ http://localhost:9000/__vite_ping:0
[74161766ms] [ERROR] Failed to load resource: net::ERR_CONNECTION_REFUSED @ http://localhost:9000/__vite_ping:0
[74165140ms] [ERROR] Failed to load resource: net::ERR_CONNECTION_REFUSED @ http://localhost:9000/__vite_ping:0
[74168517ms] [ERROR] Failed to load resource: net::ERR_CONNECTION_REFUSED @ http://localhost:9000/__vite_ping:0
[74171893ms] [ERROR] Failed to load resource: net::ERR_CONNECTION_REFUSED @ http://localhost:9000/__vite_ping:0
[74175270ms] [ERROR] Failed to load resource: net::ERR_CONNECTION_REFUSED @ http://localhost:9000/__vite_ping:0
[74178645ms] [ERROR] Failed to load resource: net::ERR_CONNECTION_REFUSED @ http://localhost:9000/__vite_ping:0
[74181851ms] [ERROR] WebSocket is already in CLOSING or CLOSED state. @ http://localhost:9000/@vite/client:215
[74182023ms] [ERROR] Failed to load resource: net::ERR_CONNECTION_REFUSED @ http://localhost:9000/__vite_ping:0
[74185408ms] [ERROR] Failed to load resource: net::ERR_CONNECTION_REFUSED @ http://localhost:9000/__vite_ping:0
[74188782ms] [ERROR] Failed to load resource: net::ERR_CONNECTION_REFUSED @ http://localhost:9000/__vite_ping:0
[74192153ms] [ERROR] Failed to load resource: net::ERR_CONNECTION_REFUSED @ http://localhost:9000/__vite_ping:0
[74195526ms] [ERROR] Failed to load resource: net::ERR_CONNECTION_REFUSED @ http://localhost:9000/__vite_ping:0
[74198899ms] [ERROR] Failed to load resource: net::ERR_CONNECTION_REFUSED @ http://localhost:9000/__vite_ping:0
[74202271ms] [ERROR] Failed to load resource: net::ERR_CONNECTION_REFUSED @ http://localhost:9000/__vite_ping:0
[74205632ms] [ERROR] Failed to load resource: net::ERR_CONNECTION_REFUSED @ http://localhost:9000/__vite_ping:0
[74209011ms] [ERROR] Failed to load resource: net::ERR_CONNECTION_REFUSED @ http://localhost:9000/__vite_ping:0
[74211842ms] [ERROR] WebSocket is already in CLOSING or CLOSED state. @ http://localhost:9000/@vite/client:215
[74212386ms] [ERROR] Failed to load resource: net::ERR_CONNECTION_REFUSED @ http://localhost:9000/__vite_ping:0
[74215767ms] [ERROR] Failed to load resource: net::ERR_CONNECTION_REFUSED @ http://localhost:9000/__vite_ping:0
[74219146ms] [ERROR] Failed to load resource: net::ERR_CONNECTION_REFUSED @ http://localhost:9000/__vite_ping:0
[74222512ms] [ERROR] Failed to load resource: net::ERR_CONNECTION_REFUSED @ http://localhost:9000/__vite_ping:0
[74225882ms] [ERROR] Failed to load resource: net::ERR_CONNECTION_REFUSED @ http://localhost:9000/__vite_ping:0
[74229244ms] [ERROR] Failed to load resource: net::ERR_CONNECTION_REFUSED @ http://localhost:9000/__vite_ping:0
[74232622ms] [ERROR] Failed to load resource: net::ERR_CONNECTION_REFUSED @ http://localhost:9000/__vite_ping:0
[74235999ms] [ERROR] Failed to load resource: net::ERR_CONNECTION_REFUSED @ http://localhost:9000/__vite_ping:0
[74239366ms] [ERROR] Failed to load resource: net::ERR_CONNECTION_REFUSED @ http://localhost:9000/__vite_ping:0
[74241839ms] [ERROR] WebSocket is already in CLOSING or CLOSED state. @ http://localhost:9000/@vite/client:215
[74242743ms] [ERROR] Failed to load resource: net::ERR_CONNECTION_REFUSED @ http://localhost:9000/__vite_ping:0
[74246109ms] [ERROR] Failed to load resource: net::ERR_CONNECTION_REFUSED @ http://localhost:9000/__vite_ping:0
[74249482ms] [ERROR] Failed to load resource: net::ERR_CONNECTION_REFUSED @ http://localhost:9000/__vite_ping:0
[74252832ms] [ERROR] Failed to load resource: net::ERR_CONNECTION_REFUSED @ http://localhost:9000/__vite_ping:0
[74256207ms] [ERROR] Failed to load resource: net::ERR_CONNECTION_REFUSED @ http://localhost:9000/__vite_ping:0
[74259572ms] [ERROR] Failed to load resource: net::ERR_CONNECTION_REFUSED @ http://localhost:9000/__vite_ping:0
[74262949ms] [ERROR] Failed to load resource: net::ERR_CONNECTION_REFUSED @ http://localhost:9000/__vite_ping:0
[74266319ms] [ERROR] Failed to load resource: net::ERR_CONNECTION_REFUSED @ http://localhost:9000/__vite_ping:0
[74269696ms] [ERROR] Failed to load resource: net::ERR_CONNECTION_REFUSED @ http://localhost:9000/__vite_ping:0
[74271838ms] [ERROR] WebSocket is already in CLOSING or CLOSED state. @ http://localhost:9000/@vite/client:215
[74273072ms] [ERROR] Failed to load resource: net::ERR_CONNECTION_REFUSED @ http://localhost:9000/__vite_ping:0
[74276450ms] [ERROR] Failed to load resource: net::ERR_CONNECTION_REFUSED @ http://localhost:9000/__vite_ping:0
[74279809ms] [ERROR] Failed to load resource: net::ERR_CONNECTION_REFUSED @ http://localhost:9000/__vite_ping:0
[74283182ms] [ERROR] Failed to load resource: net::ERR_CONNECTION_REFUSED @ http://localhost:9000/__vite_ping:0
[74286558ms] [ERROR] Failed to load resource: net::ERR_CONNECTION_REFUSED @ http://localhost:9000/__vite_ping:0
[74289940ms] [ERROR] Failed to load resource: net::ERR_CONNECTION_REFUSED @ http://localhost:9000/__vite_ping:0
[74293299ms] [ERROR] Failed to load resource: net::ERR_CONNECTION_REFUSED @ http://localhost:9000/__vite_ping:0
[74296671ms] [ERROR] Failed to load resource: net::ERR_CONNECTION_REFUSED @ http://localhost:9000/__vite_ping:0
[74300040ms] [ERROR] Failed to load resource: net::ERR_CONNECTION_REFUSED @ http://localhost:9000/__vite_ping:0
[74301841ms] [ERROR] WebSocket is already in CLOSING or CLOSED state. @ http://localhost:9000/@vite/client:215
[74303406ms] [ERROR] Failed to load resource: net::ERR_CONNECTION_REFUSED @ http://localhost:9000/__vite_ping:0
[74306784ms] [ERROR] Failed to load resource: net::ERR_CONNECTION_REFUSED @ http://localhost:9000/__vite_ping:0
[74310155ms] [ERROR] Failed to load resource: net::ERR_CONNECTION_REFUSED @ http://localhost:9000/__vite_ping:0
[74313517ms] [ERROR] Failed to load resource: net::ERR_CONNECTION_REFUSED @ http://localhost:9000/__vite_ping:0
[74316890ms] [ERROR] Failed to load resource: net::ERR_CONNECTION_REFUSED @ http://localhost:9000/__vite_ping:0
[74320265ms] [ERROR] Failed to load resource: net::ERR_CONNECTION_REFUSED @ http://localhost:9000/__vite_ping:0
[74323640ms] [ERROR] Failed to load resource: net::ERR_CONNECTION_REFUSED @ http://localhost:9000/__vite_ping:0
[74327012ms] [ERROR] Failed to load resource: net::ERR_CONNECTION_REFUSED @ http://localhost:9000/__vite_ping:0
[74330371ms] [ERROR] Failed to load resource: net::ERR_CONNECTION_REFUSED @ http://localhost:9000/__vite_ping:0
[74331841ms] [ERROR] WebSocket is already in CLOSING or CLOSED state. @ http://localhost:9000/@vite/client:215
[74333730ms] [ERROR] Failed to load resource: net::ERR_CONNECTION_REFUSED @ http://localhost:9000/__vite_ping:0
[74337093ms] [ERROR] Failed to load resource: net::ERR_CONNECTION_REFUSED @ http://localhost:9000/__vite_ping:0
[74340458ms] [ERROR] Failed to load resource: net::ERR_CONNECTION_REFUSED @ http://localhost:9000/__vite_ping:0
[74343824ms] [ERROR] Failed to load resource: net::ERR_CONNECTION_REFUSED @ http://localhost:9000/__vite_ping:0
[74347201ms] [ERROR] Failed to load resource: net::ERR_CONNECTION_REFUSED @ http://localhost:9000/__vite_ping:0
[74350584ms] [ERROR] Failed to load resource: net::ERR_CONNECTION_REFUSED @ http://localhost:9000/__vite_ping:0
[74353946ms] [ERROR] Failed to load resource: net::ERR_CONNECTION_REFUSED @ http://localhost:9000/__vite_ping:0
[74357311ms] [ERROR] Failed to load resource: net::ERR_CONNECTION_REFUSED @ http://localhost:9000/__vite_ping:0
[74360689ms] [ERROR] Failed to load resource: net::ERR_CONNECTION_REFUSED @ http://localhost:9000/__vite_ping:0
[74361839ms] [ERROR] WebSocket is already in CLOSING or CLOSED state. @ http://localhost:9000/@vite/client:215
[74364065ms] [ERROR] Failed to load resource: net::ERR_CONNECTION_REFUSED @ http://localhost:9000/__vite_ping:0
[74367429ms] [ERROR] Failed to load resource: net::ERR_CONNECTION_REFUSED @ http://localhost:9000/__vite_ping:0
[74370780ms] [ERROR] Failed to load resource: net::ERR_CONNECTION_REFUSED @ http://localhost:9000/__vite_ping:0
[74374152ms] [ERROR] Failed to load resource: net::ERR_CONNECTION_REFUSED @ http://localhost:9000/__vite_ping:0
[74377523ms] [ERROR] Failed to load resource: net::ERR_CONNECTION_REFUSED @ http://localhost:9000/__vite_ping:0
[74380888ms] [ERROR] Failed to load resource: net::ERR_CONNECTION_REFUSED @ http://localhost:9000/__vite_ping:0
[74384267ms] [ERROR] Failed to load resource: net::ERR_CONNECTION_REFUSED @ http://localhost:9000/__vite_ping:0
[74387637ms] [ERROR] Failed to load resource: net::ERR_CONNECTION_REFUSED @ http://localhost:9000/__vite_ping:0
[74391007ms] [ERROR] Failed to load resource: net::ERR_CONNECTION_REFUSED @ http://localhost:9000/__vite_ping:0
[74391843ms] [ERROR] WebSocket is already in CLOSING or CLOSED state. @ http://localhost:9000/@vite/client:215
[74394377ms] [ERROR] Failed to load resource: net::ERR_CONNECTION_REFUSED @ http://localhost:9000/__vite_ping:0
[74397741ms] [ERROR] Failed to load resource: net::ERR_CONNECTION_REFUSED @ http://localhost:9000/__vite_ping:0
[74401102ms] [ERROR] Failed to load resource: net::ERR_CONNECTION_REFUSED @ http://localhost:9000/__vite_ping:0
[74404474ms] [ERROR] Failed to load resource: net::ERR_CONNECTION_REFUSED @ http://localhost:9000/__vite_ping:0
[74407850ms] [ERROR] Failed to load resource: net::ERR_CONNECTION_REFUSED @ http://localhost:9000/__vite_ping:0
[74411221ms] [ERROR] Failed to load resource: net::ERR_CONNECTION_REFUSED @ http://localhost:9000/__vite_ping:0
[74414594ms] [ERROR] Failed to load resource: net::ERR_CONNECTION_REFUSED @ http://localhost:9000/__vite_ping:0
[74417967ms] [ERROR] Failed to load resource: net::ERR_CONNECTION_REFUSED @ http://localhost:9000/__vite_ping:0
[74421341ms] [ERROR] Failed to load resource: net::ERR_CONNECTION_REFUSED @ http://localhost:9000/__vite_ping:0
[74421840ms] [ERROR] WebSocket is already in CLOSING or CLOSED state. @ http://localhost:9000/@vite/client:215
[74424719ms] [ERROR] Failed to load resource: net::ERR_CONNECTION_REFUSED @ http://localhost:9000/__vite_ping:0
[74428089ms] [ERROR] Failed to load resource: net::ERR_CONNECTION_REFUSED @ http://localhost:9000/__vite_ping:0
[74431469ms] [ERROR] Failed to load resource: net::ERR_CONNECTION_REFUSED @ http://localhost:9000/__vite_ping:0
[74434842ms] [ERROR] Failed to load resource: net::ERR_CONNECTION_REFUSED @ http://localhost:9000/__vite_ping:0
[74438210ms] [ERROR] Failed to load resource: net::ERR_CONNECTION_REFUSED @ http://localhost:9000/__vite_ping:0
[74441585ms] [ERROR] Failed to load resource: net::ERR_CONNECTION_REFUSED @ http://localhost:9000/__vite_ping:0
[74444955ms] [ERROR] Failed to load resource: net::ERR_CONNECTION_REFUSED @ http://localhost:9000/__vite_ping:0
[74448329ms] [ERROR] Failed to load resource: net::ERR_CONNECTION_REFUSED @ http://localhost:9000/__vite_ping:0
[74451702ms] [ERROR] Failed to load resource: net::ERR_CONNECTION_REFUSED @ http://localhost:9000/__vite_ping:0
[74451843ms] [ERROR] WebSocket is already in CLOSING or CLOSED state. @ http://localhost:9000/@vite/client:215
[74455081ms] [ERROR] Failed to load resource: net::ERR_CONNECTION_REFUSED @ http://localhost:9000/__vite_ping:0
[74458458ms] [ERROR] Failed to load resource: net::ERR_CONNECTION_REFUSED @ http://localhost:9000/__vite_ping:0
[74461829ms] [ERROR] Failed to load resource: net::ERR_CONNECTION_REFUSED @ http://localhost:9000/__vite_ping:0
[74465207ms] [ERROR] Failed to load resource: net::ERR_CONNECTION_REFUSED @ http://localhost:9000/__vite_ping:0
[74468581ms] [ERROR] Failed to load resource: net::ERR_CONNECTION_REFUSED @ http://localhost:9000/__vite_ping:0
[74471946ms] [ERROR] Failed to load resource: net::ERR_CONNECTION_REFUSED @ http://localhost:9000/__vite_ping:0
[74475319ms] [ERROR] Failed to load resource: net::ERR_CONNECTION_REFUSED @ http://localhost:9000/__vite_ping:0
[74478688ms] [ERROR] Failed to load resource: net::ERR_CONNECTION_REFUSED @ http://localhost:9000/__vite_ping:0
[74481840ms] [ERROR] WebSocket is already in CLOSING or CLOSED state. @ http://localhost:9000/@vite/client:215
[74482058ms] [ERROR] Failed to load resource: net::ERR_CONNECTION_REFUSED @ http://localhost:9000/__vite_ping:0
[74485426ms] [ERROR] Failed to load resource: net::ERR_CONNECTION_REFUSED @ http://localhost:9000/__vite_ping:0
[74488802ms] [ERROR] Failed to load resource: net::ERR_CONNECTION_REFUSED @ http://localhost:9000/__vite_ping:0
[74492172ms] [ERROR] Failed to load resource: net::ERR_CONNECTION_REFUSED @ http://localhost:9000/__vite_ping:0
[74495547ms] [ERROR] Failed to load resource: net::ERR_CONNECTION_REFUSED @ http://localhost:9000/__vite_ping:0
[74498919ms] [ERROR] Failed to load resource: net::ERR_CONNECTION_REFUSED @ http://localhost:9000/__vite_ping:0
[74502289ms] [ERROR] Failed to load resource: net::ERR_CONNECTION_REFUSED @ http://localhost:9000/__vite_ping:0
[74505659ms] [ERROR] Failed to load resource: net::ERR_CONNECTION_REFUSED @ http://localhost:9000/__vite_ping:0
[74509022ms] [ERROR] Failed to load resource: net::ERR_CONNECTION_REFUSED @ http://localhost:9000/__vite_ping:0
[74511851ms] [ERROR] WebSocket is already in CLOSING or CLOSED state. @ http://localhost:9000/@vite/client:215
[74512397ms] [ERROR] Failed to load resource: net::ERR_CONNECTION_REFUSED @ http://localhost:9000/__vite_ping:0
[74515765ms] [ERROR] Failed to load resource: net::ERR_CONNECTION_REFUSED @ http://localhost:9000/__vite_ping:0
[74519144ms] [ERROR] Failed to load resource: net::ERR_CONNECTION_REFUSED @ http://localhost:9000/__vite_ping:0
[74522525ms] [ERROR] Failed to load resource: net::ERR_CONNECTION_REFUSED @ http://localhost:9000/__vite_ping:0
[74525905ms] [ERROR] Failed to load resource: net::ERR_CONNECTION_REFUSED @ http://localhost:9000/__vite_ping:0
[74529280ms] [ERROR] Failed to load resource: net::ERR_CONNECTION_REFUSED @ http://localhost:9000/__vite_ping:0
[74532652ms] [ERROR] Failed to load resource: net::ERR_CONNECTION_REFUSED @ http://localhost:9000/__vite_ping:0
[74536018ms] [ERROR] Failed to load resource: net::ERR_CONNECTION_REFUSED @ http://localhost:9000/__vite_ping:0
[74539387ms] [ERROR] Failed to load resource: net::ERR_CONNECTION_REFUSED @ http://localhost:9000/__vite_ping:0
[74541849ms] [ERROR] WebSocket is already in CLOSING or CLOSED state. @ http://localhost:9000/@vite/client:215
[74542753ms] [ERROR] Failed to load resource: net::ERR_CONNECTION_REFUSED @ http://localhost:9000/__vite_ping:0
[74546130ms] [ERROR] Failed to load resource: net::ERR_CONNECTION_REFUSED @ http://localhost:9000/__vite_ping:0
[74549490ms] [ERROR] Failed to load resource: net::ERR_CONNECTION_REFUSED @ http://localhost:9000/__vite_ping:0
[74552868ms] [ERROR] Failed to load resource: net::ERR_CONNECTION_REFUSED @ http://localhost:9000/__vite_ping:0
[74556228ms] [ERROR] Failed to load resource: net::ERR_CONNECTION_REFUSED @ http://localhost:9000/__vite_ping:0
[74559599ms] [ERROR] Failed to load resource: net::ERR_CONNECTION_REFUSED @ http://localhost:9000/__vite_ping:0
[74562964ms] [ERROR] Failed to load resource: net::ERR_CONNECTION_REFUSED @ http://localhost:9000/__vite_ping:0
[74566335ms] [ERROR] Failed to load resource: net::ERR_CONNECTION_REFUSED @ http://localhost:9000/__vite_ping:0
[74569717ms] [ERROR] Failed to load resource: net::ERR_CONNECTION_REFUSED @ http://localhost:9000/__vite_ping:0
[74571844ms] [ERROR] WebSocket is already in CLOSING or CLOSED state. @ http://localhost:9000/@vite/client:215
[74573088ms] [ERROR] Failed to load resource: net::ERR_CONNECTION_REFUSED @ http://localhost:9000/__vite_ping:0
[74576455ms] [ERROR] Failed to load resource: net::ERR_CONNECTION_REFUSED @ http://localhost:9000/__vite_ping:0
[74579833ms] [ERROR] Failed to load resource: net::ERR_CONNECTION_REFUSED @ http://localhost:9000/__vite_ping:0
[74583209ms] [ERROR] Failed to load resource: net::ERR_CONNECTION_REFUSED @ http://localhost:9000/__vite_ping:0
[74586576ms] [ERROR] Failed to load resource: net::ERR_CONNECTION_REFUSED @ http://localhost:9000/__vite_ping:0
[74589945ms] [ERROR] Failed to load resource: net::ERR_CONNECTION_REFUSED @ http://localhost:9000/__vite_ping:0
[74593325ms] [ERROR] Failed to load resource: net::ERR_CONNECTION_REFUSED @ http://localhost:9000/__vite_ping:0
[74596686ms] [ERROR] Failed to load resource: net::ERR_CONNECTION_REFUSED @ http://localhost:9000/__vite_ping:0
[74600060ms] [ERROR] Failed to load resource: net::ERR_CONNECTION_REFUSED @ http://localhost:9000/__vite_ping:0
[74601849ms] [ERROR] WebSocket is already in CLOSING or CLOSED state. @ http://localhost:9000/@vite/client:215
[74603436ms] [ERROR] Failed to load resource: net::ERR_CONNECTION_REFUSED @ http://localhost:9000/__vite_ping:0
[74606810ms] [ERROR] Failed to load resource: net::ERR_CONNECTION_REFUSED @ http://localhost:9000/__vite_ping:0
[74610188ms] [ERROR] Failed to load resource: net::ERR_CONNECTION_REFUSED @ http://localhost:9000/__vite_ping:0
[74613557ms] [ERROR] Failed to load resource: net::ERR_CONNECTION_REFUSED @ http://localhost:9000/__vite_ping:0
[74616905ms] [ERROR] Failed to load resource: net::ERR_CONNECTION_REFUSED @ http://localhost:9000/__vite_ping:0
[74620278ms] [ERROR] Failed to load resource: net::ERR_CONNECTION_REFUSED @ http://localhost:9000/__vite_ping:0
[74623661ms] [ERROR] Failed to load resource: net::ERR_CONNECTION_REFUSED @ http://localhost:9000/__vite_ping:0
[74627043ms] [ERROR] Failed to load resource: net::ERR_CONNECTION_REFUSED @ http://localhost:9000/__vite_ping:0
[74630416ms] [ERROR] Failed to load resource: net::ERR_CONNECTION_REFUSED @ http://localhost:9000/__vite_ping:0
[74631852ms] [ERROR] WebSocket is already in CLOSING or CLOSED state. @ http://localhost:9000/@vite/client:215
[74633766ms] [ERROR] Failed to load resource: net::ERR_CONNECTION_REFUSED @ http://localhost:9000/__vite_ping:0
[74637143ms] [ERROR] Failed to load resource: net::ERR_CONNECTION_REFUSED @ http://localhost:9000/__vite_ping:0
[74640521ms] [ERROR] Failed to load resource: net::ERR_CONNECTION_REFUSED @ http://localhost:9000/__vite_ping:0
[74643899ms] [ERROR] Failed to load resource: net::ERR_CONNECTION_REFUSED @ http://localhost:9000/__vite_ping:0
[74647276ms] [ERROR] Failed to load resource: net::ERR_CONNECTION_REFUSED @ http://localhost:9000/__vite_ping:0
[74650650ms] [ERROR] Failed to load resource: net::ERR_CONNECTION_REFUSED @ http://localhost:9000/__vite_ping:0
[74654023ms] [ERROR] Failed to load resource: net::ERR_CONNECTION_REFUSED @ http://localhost:9000/__vite_ping:0
[74657381ms] [ERROR] Failed to load resource: net::ERR_CONNECTION_REFUSED @ http://localhost:9000/__vite_ping:0
[74660758ms] [ERROR] Failed to load resource: net::ERR_CONNECTION_REFUSED @ http://localhost:9000/__vite_ping:0
[74661844ms] [ERROR] WebSocket is already in CLOSING or CLOSED state. @ http://localhost:9000/@vite/client:215
[74664131ms] [ERROR] Failed to load resource: net::ERR_CONNECTION_REFUSED @ http://localhost:9000/__vite_ping:0
[74667489ms] [ERROR] Failed to load resource: net::ERR_CONNECTION_REFUSED @ http://localhost:9000/__vite_ping:0
[74670866ms] [ERROR] Failed to load resource: net::ERR_CONNECTION_REFUSED @ http://localhost:9000/__vite_ping:0
[74674240ms] [ERROR] Failed to load resource: net::ERR_CONNECTION_REFUSED @ http://localhost:9000/__vite_ping:0
[74677613ms] [ERROR] Failed to load resource: net::ERR_CONNECTION_REFUSED @ http://localhost:9000/__vite_ping:0
[74680983ms] [ERROR] Failed to load resource: net::ERR_CONNECTION_REFUSED @ http://localhost:9000/__vite_ping:0
[74684358ms] [ERROR] Failed to load resource: net::ERR_CONNECTION_REFUSED @ http://localhost:9000/__vite_ping:0
[74687734ms] [ERROR] Failed to load resource: net::ERR_CONNECTION_REFUSED @ http://localhost:9000/__vite_ping:0
[74691097ms] [ERROR] Failed to load resource: net::ERR_CONNECTION_REFUSED @ http://localhost:9000/__vite_ping:0
[74691846ms] [ERROR] WebSocket is already in CLOSING or CLOSED state. @ http://localhost:9000/@vite/client:215
[74694475ms] [ERROR] Failed to load resource: net::ERR_CONNECTION_REFUSED @ http://localhost:9000/__vite_ping:0
[74697842ms] [ERROR] Failed to load resource: net::ERR_CONNECTION_REFUSED @ http://localhost:9000/__vite_ping:0
[74701215ms] [ERROR] Failed to load resource: net::ERR_CONNECTION_REFUSED @ http://localhost:9000/__vite_ping:0
[74704582ms] [ERROR] Failed to load resource: net::ERR_CONNECTION_REFUSED @ http://localhost:9000/__vite_ping:0
[74707951ms] [ERROR] Failed to load resource: net::ERR_CONNECTION_REFUSED @ http://localhost:9000/__vite_ping:0
[74711322ms] [ERROR] Failed to load resource: net::ERR_CONNECTION_REFUSED @ http://localhost:9000/__vite_ping:0
[74714700ms] [ERROR] Failed to load resource: net::ERR_CONNECTION_REFUSED @ http://localhost:9000/__vite_ping:0
[74718068ms] [ERROR] Failed to load resource: net::ERR_CONNECTION_REFUSED @ http://localhost:9000/__vite_ping:0
[74721426ms] [ERROR] Failed to load resource: net::ERR_CONNECTION_REFUSED @ http://localhost:9000/__vite_ping:0
[74721845ms] [ERROR] WebSocket is already in CLOSING or CLOSED state. @ http://localhost:9000/@vite/client:215
[74724790ms] [ERROR] Failed to load resource: net::ERR_CONNECTION_REFUSED @ http://localhost:9000/__vite_ping:0
[74728150ms] [ERROR] Failed to load resource: net::ERR_CONNECTION_REFUSED @ http://localhost:9000/__vite_ping:0
[74731518ms] [ERROR] Failed to load resource: net::ERR_CONNECTION_REFUSED @ http://localhost:9000/__vite_ping:0
[74734899ms] [ERROR] Failed to load resource: net::ERR_CONNECTION_REFUSED @ http://localhost:9000/__vite_ping:0
[74738266ms] [ERROR] Failed to load resource: net::ERR_CONNECTION_REFUSED @ http://localhost:9000/__vite_ping:0
[74741628ms] [ERROR] Failed to load resource: net::ERR_CONNECTION_REFUSED @ http://localhost:9000/__vite_ping:0
[74744991ms] [ERROR] Failed to load resource: net::ERR_CONNECTION_REFUSED @ http://localhost:9000/__vite_ping:0
[74747535ms] [ERROR] Failed to load resource: net::ERR_NETWORK_IO_SUSPENDED @ http://localhost:9000/__vite_ping:0
[74892683ms] [ERROR] WebSocket is already in CLOSING or CLOSED state. @ http://localhost:9000/@vite/client:215
[74895051ms] [ERROR] Failed to load resource: net::ERR_CONNECTION_REFUSED @ http://localhost:9000/__vite_ping:0
[94573937ms] [ERROR] Failed to load resource: net::ERR_NETWORK_IO_SUSPENDED @ http://localhost:9000/__vite_ping:0
[94576206ms] [ERROR] WebSocket is already in CLOSING or CLOSED state. @ http://localhost:9000/@vite/client:215
[94578533ms] [ERROR] Failed to load resource: net::ERR_CONNECTION_REFUSED @ http://localhost:9000/__vite_ping:0
[115399936ms] [ERROR] WebSocket is already in CLOSING or CLOSED state. @ http://localhost:9000/@vite/client:215
[115400677ms] [ERROR] Failed to load resource: net::ERR_NETWORK_CHANGED @ http://localhost:9000/__vite_ping:0
[115406059ms] [ERROR] Failed to load resource: net::ERR_NETWORK_CHANGED @ http://localhost:9000/__vite_ping:0
[115410416ms] [ERROR] Failed to load resource: net::ERR_CONNECTION_REFUSED @ http://localhost:9000/__vite_ping:0
[115413774ms] [ERROR] Failed to load resource: net::ERR_CONNECTION_REFUSED @ http://localhost:9000/__vite_ping:0
[115417147ms] [ERROR] Failed to load resource: net::ERR_CONNECTION_REFUSED @ http://localhost:9000/__vite_ping:0
[115420511ms] [ERROR] Failed to load resource: net::ERR_CONNECTION_REFUSED @ http://localhost:9000/__vite_ping:0
[115423856ms] [ERROR] Failed to load resource: net::ERR_CONNECTION_REFUSED @ http://localhost:9000/__vite_ping:0
[115427219ms] [ERROR] Failed to load resource: net::ERR_CONNECTION_REFUSED @ http://localhost:9000/__vite_ping:0
[115427450ms] [ERROR] WebSocket is already in CLOSING or CLOSED state. @ http://localhost:9000/@vite/client:215
[115430584ms] [ERROR] Failed to load resource: net::ERR_CONNECTION_REFUSED @ http://localhost:9000/__vite_ping:0
[115433942ms] [ERROR] Failed to load resource: net::ERR_CONNECTION_REFUSED @ http://localhost:9000/__vite_ping:0
[115437318ms] [ERROR] Failed to load resource: net::ERR_CONNECTION_REFUSED @ http://localhost:9000/__vite_ping:0
[115440685ms] [ERROR] Failed to load resource: net::ERR_CONNECTION_REFUSED @ http://localhost:9000/__vite_ping:0
[115444044ms] [ERROR] Failed to load resource: net::ERR_CONNECTION_REFUSED @ http://localhost:9000/__vite_ping:0
[115447387ms] [ERROR] Failed to load resource: net::ERR_CONNECTION_REFUSED @ http://localhost:9000/__vite_ping:0
[115450741ms] [ERROR] Failed to load resource: net::ERR_CONNECTION_REFUSED @ http://localhost:9000/__vite_ping:0
[115454083ms] [ERROR] Failed to load resource: net::ERR_CONNECTION_REFUSED @ http://localhost:9000/__vite_ping:0
[115457454ms] [ERROR] WebSocket is already in CLOSING or CLOSED state. @ http://localhost:9000/@vite/client:215
[115457455ms] [ERROR] Failed to load resource: net::ERR_CONNECTION_REFUSED @ http://localhost:9000/__vite_ping:0
[115460833ms] [ERROR] Failed to load resource: net::ERR_CONNECTION_REFUSED @ http://localhost:9000/__vite_ping:0
[115464206ms] [ERROR] Failed to load resource: net::ERR_CONNECTION_REFUSED @ http://localhost:9000/__vite_ping:0
[115467575ms] [ERROR] Failed to load resource: net::ERR_CONNECTION_REFUSED @ http://localhost:9000/__vite_ping:0
[115470946ms] [ERROR] Failed to load resource: net::ERR_CONNECTION_REFUSED @ http://localhost:9000/__vite_ping:0
[115474303ms] [ERROR] Failed to load resource: net::ERR_CONNECTION_REFUSED @ http://localhost:9000/__vite_ping:0
[115477681ms] [ERROR] Failed to load resource: net::ERR_CONNECTION_REFUSED @ http://localhost:9000/__vite_ping:0
[115481030ms] [ERROR] Failed to load resource: net::ERR_CONNECTION_REFUSED @ http://localhost:9000/__vite_ping:0
[115484394ms] [ERROR] Failed to load resource: net::ERR_CONNECTION_REFUSED @ http://localhost:9000/__vite_ping:0
[115487446ms] [ERROR] WebSocket is already in CLOSING or CLOSED state. @ http://localhost:9000/@vite/client:215
[115487757ms] [ERROR] Failed to load resource: net::ERR_CONNECTION_REFUSED @ http://localhost:9000/__vite_ping:0
[115491131ms] [ERROR] Failed to load resource: net::ERR_CONNECTION_REFUSED @ http://localhost:9000/__vite_ping:0
[115494496ms] [ERROR] Failed to load resource: net::ERR_CONNECTION_REFUSED @ http://localhost:9000/__vite_ping:0
[115497857ms] [ERROR] Failed to load resource: net::ERR_CONNECTION_REFUSED @ http://localhost:9000/__vite_ping:0
[115501230ms] [ERROR] Failed to load resource: net::ERR_CONNECTION_REFUSED @ http://localhost:9000/__vite_ping:0
[115505287ms] [LOG] [vite] connecting... @ http://localhost:9000/@vite/client:183
[115506048ms] [LOG] [vite] connected. @ http://localhost:9000/@vite/client:211
[115506220ms] [INFO] [Quasar] Running SPA. @ http://localhost:9000/.quasar/client-entry.js:50
[115506441ms] [ERROR] Failed to load resource: the server responded with a status of 504 (Gateway Timeout) @ http://localhost:9000/node_modules/.q-cache/vite/spa/deps/axios.js?v=3ef842eb:0
[115506441ms] [ERROR] [Quasar] boot error: TypeError: Failed to fetch dynamically imported module: http://localhost:9000/src/boot/axios.js @ http://localhost:9000/.quasar/client-entry.js:145
[115506603ms] [LOG] [vite] connecting... @ http://localhost:9000/@vite/client:183
[115507132ms] [LOG] [vite] connected. @ http://localhost:9000/@vite/client:211
[115507186ms] [INFO] [Quasar] Running SPA. @ http://localhost:9000/.quasar/client-entry.js:50
[115507391ms] [VERBOSE] [DOM] Input elements should have autocomplete attributes (suggested: "current-password"): (More info: https://goo.gl/9p2vKq) %o @ http://localhost:9000/login:0
[115578392ms] [LOG] [vite] connecting... @ http://localhost:9000/@vite/client:183
[115578554ms] [INFO] [Quasar] Running SPA. @ http://localhost:9000/.quasar/client-entry.js:50
[115578708ms] [LOG] [vite] connected. @ http://localhost:9000/@vite/client:211
[115578738ms] [VERBOSE] [DOM] Input elements should have autocomplete attributes (suggested: "current-password"): (More info: https://goo.gl/9p2vKq) %o @ http://localhost:9000/login:0
[115766083ms] [LOG] [vite] connecting... @ http://localhost:9000/@vite/client:183
[115766128ms] [INFO] [Quasar] Running SPA. @ http://localhost:9000/.quasar/client-entry.js:50
[115766392ms] [VERBOSE] [DOM] Input elements should have autocomplete attributes (suggested: "current-password"): (More info: https://goo.gl/9p2vKq) %o @ http://localhost:9000/login:0
[115766399ms] [LOG] [vite] connected. @ http://localhost:9000/@vite/client:211
